{
    "add": [
        {
            "authors": "Ruth Colker",
            "epubNumberOfPages": 314,
            "id": 10638,
            "isbn": "9780814715383",
            "pageLocalId": "page_220",
            "pageNumberForDisplay": "220",
            "pageSequenceNumber": 234,
            "pageText": "leading affirmative action case, Bakke v. Board of Regents,113 the courts barely paused to consider whether Allan Bakke’s race was the source of his failure to be admitted by Davis Medical School. Bakke had applied to twelve medical schools over two years, and had been turned down by all of them.114 When he inquired as to why he was rejected, two medical schools indicated that the explanation was his age. The newest and least prestigious of these two dozen schools was the University of California at Davis.115 Nonetheless, Bakke was aware that his age might be a negative factor at Davis; he therefore wrote to Davis in 1971 asking how his age (33) would affect his application. The associate dean responded “that when an applicant is over thirty, his age is a serious factor which must be considered.”116 Despite the concerns raised by this letter, Bakke applied for admission late in 1972 and received an interview in March after most of the places in the class had been filled.117 He was rejected for admission; his request to be waitlisted was also rejected.\nBakke sued under Title VI of the Civil Rights Act, as well as the U.S. Constitution in state court. He argued that he was not admitted because his race precluded him from competing for sixteen positions that were set aside for racial minorities. The trial court held that the special admissions program was unlawful, but refused to order Bakke’s admission, holding that he had failed to carry his burden of proving that he would have been admitted but for the existence of the special program.118 Bakke appealed from the portion of the trial court judgment denying him admission and the University appealed from the decision that its special admissions program was unlawful. On appeal, the California Supreme Court ruled in favor of Bakke, because the University conceded that it could not demonstrate that Bakke would not have been admitted in the absence of the ",
            "publisher": "New York University Press",
            "title": "Hybrid",
            "topicNames": [
                "Bakke v. Board of Regents"
            ],
            "topicNamesForDisplay": "[[\"Bakke v. Board of Regents\"]]",
            "topicNames_facet": [
                "Bakke v. Board of Regents"
            ],
            "yearOfPublication": 0
        }
    ]
}