{
    "add": [
        {
            "authors": "Anselm Haverkamp",
            "epubNumberOfPages": 274,
            "id": 12820,
            "isbn": "9780814735190",
            "pageLocalId": "page_249",
            "pageNumberForDisplay": "249",
            "pageSequenceNumber": 261,
            "pageText": "that produces deconstruction, whatever it may be. We forget at our peril that it was deconstructive thinking that allowed us to think “text” in so general a way (a secret to which Wellek and his followers remained obstinately blind). Here too I am, with all appropriate apologies, obliged to point at my own efforts: “Teaching for the Times,” in Jan Nederveen Pieterse, ed. The Decolonization of Imagination (London: Zed Books, 1995) and “Narratives of Multiculturalism,” in Thomas W. Keenan, ed. Cultural Diversities (forthcoming).\n19. Specters, pp. 78–84.\n20. The spectacular double bind of the paradox of the gift is laid out in Given Time, pp. 6–23.\n21. “Diasporas Old and New: Women in the Transnational World,” forthcoming in Textual Practices, March 2, 1994; and “Narratives of Multiculturalism” (op. cit.).\n22. Derrida, Of Grammatology, p. 140; “The Principle of Reason,” pp. 1819. For the reference to the following quoted passage, see note 5; emphasis mine.\n\n\n",
            "publisher": "New York University Press",
            "title": "Deconstruction is/in America",
            "topicNames": null,
            "topicNamesForDisplay": "[]",
            "topicNames_facet": null,
            "yearOfPublication": 0
        }
    ]
}