{
    "add": [
        {
            "authors": "Joe Schall",
            "epubNumberOfPages": 182,
            "id": 17449,
            "isbn": "9780814779170",
            "pageLocalId": "page_33",
            "pageNumberForDisplay": "33",
            "pageSequenceNumber": 43,
            "pageText": "“If only it was the other way around or something,” she had said quietly when she was twenty-three. “Lilly Lillian sounds better than Lillian Lilly at least. It’s all backwards.”\n“So you go by Lill,” John said, shrugging and twiddling one end of his moustache, an hourly habit in those days. “And nobody notices. Not backwards at all. Perfectly natural. Lill Lilly. Sounds very sure of itself. Confident. Like a President’s wife.”\nHe chuckled lazily and cuddled closer to her on the couch, but she wasn’t quite convinced. Nothing was wrong with her own last name, she supposed out loud, and maybe it wouldn’t be so strange if they both took on her name instead of his. It was 1969, she argued—people were ready for radical things to happen. But John pointed out again that her current last name—Smith—would end up being silly and embarrassing for them both, especially at the wedding.\n“Ladies and gentlemen,” John said, standing up in front of the couch and blessing the congregation in imitation of a priest, “it gives me great pleasure to present to you, for the first time in history, Mr. and Mrs. John Smith. Applause, applause.”\nLillian didn’t clap along, but managed a grin.\n“Then,” John said, “they’d give us enough bus fare to explore Virginia on our honeymoon. Someone would slip me a little pickax and a compass and a condom at the reception, and you’d turn into a fat old prairie-wife.”\nHe guffawed, delighted with his articulate wit.\n“What about a different last name?” Lillian suggested. “Like Esterhaus or Stockholm. Something foreign. What about our kids?”\nThen John explained carefully, squaring his shoulders and using both hands to shape his point in the air, that his father was a Lilly, his mother was a Lilly, and so on, and he wasn’t ",
            "publisher": "New York University Press",
            "title": "Indentation and Other Stories",
            "topicNames": null,
            "topicNamesForDisplay": "[]",
            "topicNames_facet": null,
            "yearOfPublication": 0
        }
    ]
}