<!DOCTYPE html>
<html>

<head>
  <meta charset="utf-8">
  <meta http-equiv="X-UA-Compatible" content="IE=edge">
  <meta name="viewport" content="width=device-width, initial-scale=1">
  <meta name="description" content="ENM">
  <title>Browse Topics</title>
  <link rel="stylesheet" href="font-awesome-4.7.0/css/font-awesome.min.css">
  <link href="https://fonts.googleapis.com/css?family=Crimson+Text" rel="stylesheet">
  <link rel="stylesheet" href="../shared/css/bulma.css">
</head>

<body>
  <div class="skipnav"><a href="#maincontent">Skip to main content</a></div>
<div class="enm-topnav">
  <div class="container is-fluid">
    <nav class="navbar is-transparent">
      <div class="navbar-brand">
        <h1 class="navbar-item enm-logo">
          <a href="..">
            Enhanced Networked Monographs
            
            <span id="navPrototypeLabel" class="tag is-danger">PROTOTYPE</span>
          </a>
        </h1>
        <div class="navbar-burger burger" data-target="navMenuIndex">
          <span></span>
          <span></span>
          <span></span>
        </div>
      </div>
      <div id="navMenuIndex" class="navbar-menu">
        <div class="navbar-start">
          <div class="navbar-item">
            <a class="navbar-item" href="../search-results/">Search</a>
          </div>
           <div class="navbar-item">
            <a class="navbar-item" href="../about.html">About</a>
          </div>
          <div class="navbar-item has-dropdown is-hoverable">
            <a class="navbar-link" href="../browse-topics-lists/enm-picks.html">
              Browse
            </a>
            <div class="navbar-dropdown is-boxed">
              <a class="navbar-item " href="../browse-topics-lists/enm-picks.html">
                Featured topics
              </a>
               <hr class="navbar-divider">
              <a class="navbar-item " href="../browse-topics-lists/a.html">
                All topics
              </a>
            </div>
          </div>
        </div>
      </div>
    </nav>
  </div>
</div>
  <main class="enm-browsetopicspage">
    <section class="hero  is-primary">
      <div class="hero-body">
        <div class="container">
          <div class="columns is-vcentered">
            <div class="column">
              <p class="title">
                Browse Topics
              </p>
              <p class="subtitle">
                Explore people, places, things, ideas
              </p>
            </div>
          </div>
        </div>
      </div>
      <div class="hero-foot">
        <div class="container">
          <nav class="tabs is-boxed is-medium">
            <ul>
              <li>
                <a href="enm-picks.html">Featured</a>
              </li>
              <li class="is-active">
                <a href="a.html">All</a>
              </li>
            </ul>
          </nav>
        </div>
      </div>
    </section>
    <nav class="navbar has-shadow">
      <div class="container">
        <div class="navbar-tabs">
            
            
                <a class="navbar-item is-tab" href="a.html">
                    A
                </a>
            
                <a class="navbar-item is-tab" href="b.html">
                    B
                </a>
            
                <a class="navbar-item is-tab" href="c.html">
                    C
                </a>
            
                <a class="navbar-item is-tab" href="d.html">
                    D
                </a>
            
                <a class="navbar-item is-tab" href="e.html">
                    E
                </a>
            
                <a class="navbar-item is-tab" href="f.html">
                    F
                </a>
            
                <a class="navbar-item is-tab" href="g.html">
                    G
                </a>
            
                <a class="navbar-item is-tab" href="h.html">
                    H
                </a>
            
                <a class="navbar-item is-tab" href="i.html">
                    I
                </a>
            
                <a class="navbar-item is-tab" href="j.html">
                    J
                </a>
            
                <a class="navbar-item is-tab" href="k.html">
                    K
                </a>
            
                <a class="navbar-item is-tab" href="l.html">
                    L
                </a>
            
                <a class="navbar-item is-tab" href="m.html">
                    M
                </a>
            
                <a class="navbar-item is-tab" href="n.html">
                    N
                </a>
            
                <a class="navbar-item is-tab" href="o.html">
                    O
                </a>
            
                <a class="navbar-item is-tab" href="p.html">
                    P
                </a>
            
                <a class="navbar-item is-tab" href="q.html">
                    Q
                </a>
            
                <a class="navbar-item is-tab" href="r.html">
                    R
                </a>
            
                <a class="navbar-item is-tab" href="s.html">
                    S
                </a>
            
                <a class="navbar-item is-tab" href="t.html">
                    T
                </a>
            
                <a class="navbar-item is-tab" href="u.html">
                    U
                </a>
            
                <a class="navbar-item is-tab" href="v.html">
                    V
                </a>
            
                <a class="navbar-item is-tab" href="w.html">
                    W
                </a>
            
                <a class="navbar-item is-tab" href="x.html">
                    X
                </a>
            
                <a class="navbar-item is-tab" href="y.html">
                    Y
                </a>
            
                <a class="navbar-item is-tab is-active" href="z.html">
                    Z
                </a>
            
                <a class="navbar-item is-tab" href="0-9.html">
                    0-9
                </a>
            
                <a class="navbar-item is-tab" href="non-alphanumeric.html">
                    ?#@
                </a>
            
        </div>
      </div>
    </nav>
    <div class="container enm-topiclist">

    <h3 class="title is-5">Topics: 147</h3>
  <div class="columns">
    <div class="column">
    
        <ul>
        
            <li>
                <a href="../topic-pages/00/00/04/24/0000042419.html">
                  Z-Trip
                </a>
            </li>
        
            <li>
                <a href="../topic-pages/00/00/03/22/0000032202.html">
                  Zabriskie Point
                </a>
            </li>
        
            <li>
                <a href="../topic-pages/00/00/04/13/0000041348.html">
                  Zachary, Caroline
                </a>
            </li>
        
            <li>
                <a href="../topic-pages/00/00/01/62/0000016211.html">
                  Zack, Naomi
                </a>
            </li>
        
            <li>
                <a href="../topic-pages/00/00/03/56/0000035619.html">
                  Zacks, Ellie
                </a>
            </li>
        
            <li>
                <a href="../topic-pages/00/00/02/85/0000028554.html">
                  Zaddik
                </a>
            </li>
        
            <li>
                <a href="../topic-pages/00/00/02/77/0000027717.html">
                  Zadeh, Lotfi
                </a>
            </li>
        
            <li>
                <a href="../topic-pages/00/00/01/81/0000018171.html">
                  Zadok haâ€“Kohen
                </a>
            </li>
        
            <li>
                <a href="../topic-pages/00/00/01/89/0000018943.html">
                  Zadravecz, Istvan
                </a>
            </li>
        
            <li>
                <a href="../topic-pages/00/00/02/61/0000026103.html">
                  Zagorin, Perez
                </a>
            </li>
        
            <li>
                <a href="../topic-pages/00/00/04/18/0000041897.html">
                  Zagreb
                </a>
            </li>
        
            <li>
                <a href="../topic-pages/00/00/04/18/0000041898.html">
                  Zagreb -- cluster bomb shelling
                </a>
            </li>
        
            <li>
                <a href="../topic-pages/00/00/04/73/0000047348.html">
                  Zahm, Barbara
                </a>
            </li>
        
            <li>
                <a href="../topic-pages/00/00/00/43/0000004369.html">
                  Zahm, Barbara -- The Last Graduation
                </a>
            </li>
        
            <li>
                <a href="../topic-pages/00/00/02/12/0000021266.html">
                  Zaibatsu, disintegration of
                </a>
            </li>
        
            <li>
                <a href="../topic-pages/00/00/01/97/0000019706.html">
                  Zaitsev, Viacheslav
                </a>
            </li>
        
            <li>
                <a href="../topic-pages/00/00/01/89/0000018944.html">
                  Zakany, Gyula
                </a>
            </li>
        
            <li>
                <a href="../topic-pages/00/00/01/89/0000018945.html">
                  Zakar, Tamas
                </a>
            </li>
        
            <li>
                <a href="../topic-pages/00/00/04/01/0000040149.html">
                  Zaks, Stan
                </a>
            </li>
        
            <li>
                <a href="../topic-pages/00/00/01/89/0000018946.html">
                  Zala (province)
                </a>
            </li>
        
            <li>
                <a href="../topic-pages/00/00/02/46/0000024633.html">
                  Zalk, Marvin
                </a>
            </li>
        
            <li>
                <a href="../topic-pages/00/00/04/01/0000040150.html">
                  Zalkind, Norman
                </a>
            </li>
        
            <li>
                <a href="../topic-pages/00/00/00/63/0000006350.html">
                  Zaloom, Caitlin
                </a>
            </li>
        
            <li>
                <a href="../topic-pages/00/00/02/38/0000023837.html">
                  Zamenhof, Mark
                </a>
            </li>
        
            <li>
                <a href="../topic-pages/00/00/04/18/0000041899.html">
                  Zametica, Jovan
                </a>
            </li>
        
            <li>
                <a href="../topic-pages/00/00/01/97/0000019707.html">
                  Zamiatin, Evgenii
                </a>
            </li>
        
            <li>
                <a href="../topic-pages/00/00/04/60/0000046043.html">
                  Zamir, Tzachi
                </a>
            </li>
        
            <li>
                <a href="../topic-pages/00/00/02/38/0000023838.html">
                  Zamosc, David
                </a>
            </li>
        
            <li>
                <a href="../topic-pages/00/00/01/89/0000018947.html">
                  Zandberg, Moshe
                </a>
            </li>
        
            <li>
                <a href="../topic-pages/00/00/02/82/0000028275.html">
                  Zangwill, Israel
                </a>
            </li>
        
            <li>
                <a href="../topic-pages/00/00/00/68/0000006870.html">
                  Zangwill, Israel, The Melting Pot
                </a>
            </li>
        
            <li>
                <a href="../topic-pages/00/00/00/68/0000006871.html">
                  Zapatista Army of National Liberation
                </a>
            </li>
        
            <li>
                <a href="../topic-pages/00/00/04/73/0000047334.html">
                  Zaphiris, P.
                </a>
            </li>
        
            <li>
                <a href="../topic-pages/00/00/03/11/0000031164.html">
                  Zarembka, Arlene
                </a>
            </li>
        
            <li>
                <a href="../topic-pages/00/00/01/97/0000019708.html">
                  Zaslavskaia, Tatiana
                </a>
            </li>
        
            <li>
                <a href="../topic-pages/00/00/00/80/0000008020.html">
                  Zasulich, Vera
                </a>
            </li>
        
            <li>
                <a href="../topic-pages/00/00/01/53/0000015323.html">
                  Zavarzadeh, Mas&#39;ud
                </a>
            </li>
        
            <li>
                <a href="../topic-pages/00/00/00/99/0000009981.html">
                  ZDNet
                </a>
            </li>
        
            <li>
                <a href="../topic-pages/00/00/04/13/0000041349.html">
                  zeal
                </a>
            </li>
        
            <li>
                <a href="../topic-pages/00/00/03/56/0000035620.html">
                  Zeck, Shari
                </a>
            </li>
        
            <li>
                <a href="../topic-pages/00/00/02/12/0000021267.html">
                  Zeckhauser, Richard
                </a>
            </li>
        
            <li>
                <a href="../topic-pages/00/00/02/38/0000023839.html">
                  Zederbaum, Alexander Zvi
                </a>
            </li>
        
            <li>
                <a href="../topic-pages/00/00/04/60/0000046044.html">
                  Zeeman, Nicolette
                </a>
            </li>
        
            <li>
                <a href="../topic-pages/00/00/00/63/0000006351.html">
                  Zehle, Soenke
                </a>
            </li>
        
            <li>
                <a href="../topic-pages/00/00/03/56/0000035621.html">
                  Zeig, Sande
                </a>
            </li>
        
            <li>
                <a href="../topic-pages/00/00/04/19/0000041900.html">
                  Zelenbaba, Suzana
                </a>
            </li>
        
            <li>
                <a href="../topic-pages/00/00/01/97/0000019709.html">
                  Zelenin, Dmitrii
                </a>
            </li>
        
            <li>
                <a href="../topic-pages/00/00/00/85/0000008576.html">
                  Zell, Sam
                </a>
            </li>
        
            <li>
                <a href="../topic-pages/00/00/01/97/0000019710.html">
                  &#34;zemliaki&#34;
                </a>
            </li>
        
            <li>
                <a href="../topic-pages/00/00/01/97/0000019711.html">
                  Zen&#39;kovskii, Sergei
                </a>
            </li>
        
            <li>
                <a href="../topic-pages/00/00/01/97/0000019712.html">
                  Zenova, Natal&#39;ja N.
                </a>
            </li>
        
            <li>
                <a href="../topic-pages/00/00/03/11/0000031165.html">
                  Zephaniah
                </a>
            </li>
        
            <li>
                <a href="../topic-pages/00/00/01/07/0000010759.html">
                  Zero Dark 30
                </a>
            </li>
        
            <li>
                <a href="../topic-pages/00/00/00/63/0000006352.html">
                  Zero Dollar Laptop
                </a>
            </li>
        
            <li>
                <a href="../topic-pages/00/00/00/63/0000006353.html">
                  zero waste
                </a>
            </li>
        
            <li>
                <a href="../topic-pages/00/00/01/81/0000018172.html">
                  Zerubabbel
                </a>
            </li>
        
            <li>
                <a href="../topic-pages/00/00/00/21/0000002109.html">
                  Zhang Dali
                </a>
            </li>
        
            <li>
                <a href="../topic-pages/00/00/00/21/0000002111.html">
                  Zhang Ziyi
                </a>
            </li>
        
            <li>
                <a href="../topic-pages/00/00/00/99/0000009982.html">
                  Zhang, Bin
                </a>
            </li>
        
            <li>
                <a href="../topic-pages/00/00/00/21/0000002110.html">
                  Zhang, Yimou
                </a>
            </li>
        
            <li>
                <a href="../topic-pages/00/00/02/38/0000023840.html">
                  Zhitlovsky, Chaim
                </a>
            </li>
        
            <li>
                <a href="../topic-pages/00/00/01/97/0000019713.html">
                  Zhivago, Yurii (Pasternak)
                </a>
            </li>
        
            <li>
                <a href="../topic-pages/00/00/01/97/0000019714.html">
                  Zhivov, Viktor Markovich
                </a>
            </li>
        
            <li>
                <a href="../topic-pages/00/00/01/97/0000019715.html">
                  Zholkovskii, Aleksandr
                </a>
            </li>
        
            <li>
                <a href="../topic-pages/00/00/01/97/0000019716.html">
                  Zhukhovitskii, Leonid
                </a>
            </li>
        
            <li>
                <a href="../topic-pages/00/00/01/89/0000018948.html">
                  Zichy, Janos
                </a>
            </li>
        
            <li>
                <a href="../topic-pages/00/00/01/89/0000018949.html">
                  Zichy, Nandor
                </a>
            </li>
        
            <li>
                <a href="../topic-pages/00/00/01/89/0000018950.html">
                  Zicsy, Gyula
                </a>
            </li>
        
            <li>
                <a href="../topic-pages/00/00/03/38/0000033823.html">
                  Zidovudine, description
                </a>
            </li>
        
            <li>
                <a href="../topic-pages/00/00/00/63/0000006354.html">
                  Zielinksi, Siegfried
                </a>
            </li>
        
            <li>
                <a href="../topic-pages/00/00/03/44/0000034449.html">
                  Ziff, Joel
                </a>
            </li>
        
            <li>
                <a href="../topic-pages/00/00/02/63/0000026308.html">
                  Zigler, Edward
                </a>
            </li>
        
            <li>
                <a href="../topic-pages/00/00/03/56/0000035622.html">
                  Zijderveld, A. C.
                </a>
            </li>
        
            <li>
                <a href="../topic-pages/00/00/01/45/0000014581.html">
                  Zilboorg, Gregory
                </a>
            </li>
        
            <li>
                <a href="../topic-pages/00/00/03/31/0000033106.html">
                  Zilly, Judge Thomas S.
                </a>
            </li>
        
            <li>
                <a href="../topic-pages/00/00/00/99/0000009983.html">
                  Zimmerman, Ann
                </a>
            </li>
        
            <li>
                <a href="../topic-pages/00/00/01/07/0000010760.html">
                  Zimmerman, Arely M.
                </a>
            </li>
        
            <li>
                <a href="../topic-pages/00/00/03/56/0000035623.html">
                  Zimmerman, Bonnie
                </a>
            </li>
        
            <li>
                <a href="../topic-pages/00/00/04/73/0000047335.html">
                  Zimmerman, E.
                </a>
            </li>
        
            <li>
                <a href="../topic-pages/00/00/04/01/0000040151.html">
                  Zimmerman, John
                </a>
            </li>
        
            <li>
                <a href="../topic-pages/00/00/04/19/0000041902.html">
                  Zimmerman, Warren (U.S. ambassador to Yugoslavia)
                </a>
            </li>
        
            <li>
                <a href="../topic-pages/00/00/02/95/0000029503.html">
                  Zina Ordinance
                </a>
            </li>
        
            <li>
                <a href="../topic-pages/00/00/03/87/0000038760.html">
                  Zinik, Gary
                </a>
            </li>
        
            <li>
                <a href="../topic-pages/00/00/04/38/0000043816.html">
                  Zinn, Howard
                </a>
            </li>
        
            <li>
                <a href="../topic-pages/00/00/03/56/0000035624.html">
                  Zinnser, Judith
                </a>
            </li>
        
            <li>
                <a href="../topic-pages/00/00/01/97/0000019717.html">
                  Zinoviev, Aleksandr
                </a>
            </li>
        
            <li>
                <a href="../topic-pages/00/00/00/15/0000001583.html">
                  Zinzins de l&#39;Espace, Les
                </a>
            </li>
        
            <li>
                <a href="../topic-pages/00/00/01/97/0000019718.html">
                  Ziolkowski, Margaret
                </a>
            </li>
        
            <li>
                <a href="../topic-pages/00/00/02/38/0000023842.html">
                  Zionism
                </a>
            </li>
        
            <li>
                <a href="../topic-pages/00/00/03/44/0000034450.html">
                  Zionism -- of Jewish feminists
                </a>
            </li>
        
            <li>
                <a href="../topic-pages/00/00/03/44/0000034451.html">
                  Zionism -- of Jewish New Left
                </a>
            </li>
        
            <li>
                <a href="../topic-pages/00/00/02/38/0000023850.html">
                  Zionism and the Arabs
                </a>
            </li>
        
            <li>
                <a href="../topic-pages/00/00/02/38/0000023843.html">
                  Zionism, Christian support of
                </a>
            </li>
        
            <li>
                <a href="../topic-pages/00/00/02/36/0000023620.html">
                  Zionism, varieties of
                </a>
            </li>
        
            <li>
                <a href="../topic-pages/00/00/02/38/0000023844.html">
                  Zionism, varieties of -- Labor
                </a>
            </li>
        
            <li>
                <a href="../topic-pages/00/00/02/38/0000023845.html">
                  Zionism, varieties of -- Political
                </a>
            </li>
        
            <li>
                <a href="../topic-pages/00/00/02/38/0000023846.html">
                  Zionism, varieties of -- Religious
                </a>
            </li>
        
            <li>
                <a href="../topic-pages/00/00/02/38/0000023847.html">
                  Zionism, varieties of -- Revisionist
                </a>
            </li>
        
            <li>
                <a href="../topic-pages/00/00/02/38/0000023848.html">
                  Zionism, varieties of -- Socialist
                </a>
            </li>
        
            <li>
                <a href="../topic-pages/00/00/02/38/0000023849.html">
                  Zionism, varieties of -- Spiritual or Cultural
                </a>
            </li>
        
            <li>
                <a href="../topic-pages/00/00/02/38/0000023851.html">
                  Zionist Bank
                </a>
            </li>
        
            <li>
                <a href="../topic-pages/00/00/02/34/0000023420.html">
                  Zionist Organization of America (ZOA)
                </a>
            </li>
        
            <li>
                <a href="../topic-pages/00/00/01/45/0000014582.html">
                  Zipes, Jack
                </a>
            </li>
        
            <li>
                <a href="../topic-pages/00/00/02/46/0000024634.html">
                  Zipowie
                </a>
            </li>
        
            <li>
                <a href="../topic-pages/00/00/00/15/0000001584.html">
                  Zipper
                </a>
            </li>
        
            <li>
                <a href="../topic-pages/00/00/02/46/0000024635.html">
                  Zito, Benny
                </a>
            </li>
        
            <li>
                <a href="../topic-pages/00/00/00/99/0000009984.html">
                  Zittrain, Jonathan L.
                </a>
            </li>
        
            <li>
                <a href="../topic-pages/00/00/01/97/0000019719.html">
                  Zlatovratskii, Nikolai Nikolaevich
                </a>
            </li>
        
            <li>
                <a href="../topic-pages/00/00/02/61/0000026104.html">
                  Zobrest v. Catalina Foothills School District
                </a>
            </li>
        
            <li>
                <a href="../topic-pages/00/00/01/81/0000018173.html">
                  Zohar
                </a>
            </li>
        
            <li>
                <a href="../topic-pages/00/00/02/85/0000028555.html">
                  Zohar -- authorship
                </a>
            </li>
        
            <li>
                <a href="../topic-pages/00/00/02/85/0000028556.html">
                  Zohar -- composition
                </a>
            </li>
        
            <li>
                <a href="../topic-pages/00/00/02/85/0000028557.html">
                  Zohar -- divine world structure
                </a>
            </li>
        
            <li>
                <a href="../topic-pages/00/00/02/85/0000028558.html">
                  Zohar -- good and evil
                </a>
            </li>
        
            <li>
                <a href="../topic-pages/00/00/02/85/0000028559.html">
                  Zohar -- Man&#39;s role
                </a>
            </li>
        
            <li>
                <a href="../topic-pages/00/00/02/85/0000028560.html">
                  Zohar -- pseudepigraphical nature
                </a>
            </li>
        
            <li>
                <a href="../topic-pages/00/00/02/85/0000028561.html">
                  Zohar -- sexual symbolism
                </a>
            </li>
        
            <li>
                <a href="../topic-pages/00/00/02/77/0000027718.html">
                  Zola, Emile
                </a>
            </li>
        
            <li>
                <a href="../topic-pages/00/00/01/89/0000018951.html">
                  Zoldi, Marton
                </a>
            </li>
        
            <li>
                <a href="../topic-pages/00/00/01/81/0000018174.html">
                  Zolkiev
                </a>
            </li>
        
            <li>
                <a href="../topic-pages/00/00/01/07/0000010761.html">
                  Zombie fandom
                </a>
            </li>
        
            <li>
                <a href="../topic-pages/00/00/00/55/0000005533.html">
                  zombie/zombies
                </a>
            </li>
        
            <li>
                <a href="../topic-pages/00/00/01/07/0000010762.html">
                  Zombiecon
                </a>
            </li>
        
            <li>
                <a href="../topic-pages/00/00/01/39/0000013957.html">
                  &#34;Zone of privacy&#34;
                </a>
            </li>
        
            <li>
                <a href="../topic-pages/00/00/00/74/0000007454.html">
                  zone of proximal development (ZPD), learning in
                </a>
            </li>
        
            <li>
                <a href="../topic-pages/00/00/04/47/0000044777.html">
                  zoning
                </a>
            </li>
        
            <li>
                <a href="../topic-pages/00/00/04/38/0000043817.html">
                  zoning laws
                </a>
            </li>
        
            <li>
                <a href="../topic-pages/00/00/04/38/0000043818.html">
                  zoning laws -- restrictive
                </a>
            </li>
        
            <li>
                <a href="../topic-pages/00/00/04/47/0000044779.html">
                  Zopadpatti Bachao Samyukta Kruti Samiti (Joint Action Committee to Save the Slum Dwellers)
                </a>
            </li>
        
            <li>
                <a href="../topic-pages/00/00/02/61/0000026105.html">
                  Zorach v. Clauson
                </a>
            </li>
        
            <li>
                <a href="../topic-pages/00/00/00/94/0000009489.html">
                  Zorich, Diane
                </a>
            </li>
        
            <li>
                <a href="../topic-pages/00/00/01/97/0000019720.html">
                  Zorin, Nikolaj V.
                </a>
            </li>
        
            <li>
                <a href="../topic-pages/00/00/00/15/0000001585.html">
                  Zorro
                </a>
            </li>
        
            <li>
                <a href="../topic-pages/00/00/01/97/0000019721.html">
                  Zoshchenko, Mikhail
                </a>
            </li>
        
            <li>
                <a href="../topic-pages/00/00/01/97/0000019722.html">
                  Zosima (Dostoevsky)
                </a>
            </li>
        
            <li>
                <a href="../topic-pages/00/00/00/94/0000009490.html">
                  Zotero, Digital Humanities Education
                </a>
            </li>
        
            <li>
                <a href="../topic-pages/00/00/01/07/0000010763.html">
                  Zuckerman, Ethan
                </a>
            </li>
        
            <li>
                <a href="../topic-pages/00/00/03/44/0000034452.html">
                  Zuckoff, Aviva Cantor
                </a>
            </li>
        
            <li>
                <a href="../topic-pages/00/00/01/07/0000010764.html">
                  Zukin, Cliff
                </a>
            </li>
        
            <li>
                <a href="../topic-pages/00/00/03/11/0000031166.html">
                  Zulick, Margaret
                </a>
            </li>
        
            <li>
                <a href="../topic-pages/00/00/00/15/0000001586.html">
                  Zulu Nation
                </a>
            </li>
        
            <li>
                <a href="../topic-pages/00/00/04/13/0000041350.html">
                  Zuni, the
                </a>
            </li>
        
            <li>
                <a href="../topic-pages/00/00/00/99/0000009985.html">
                  Zuniga, Markos Moulitsas
                </a>
            </li>
        
            <li>
                <a href="../topic-pages/00/00/02/38/0000023854.html">
                  Zunser, Eliakum
                </a>
            </li>
        
            <li>
                <a href="../topic-pages/00/00/01/81/0000018175.html">
                  Zunz, Leopold
                </a>
            </li>
        
            <li>
                <a href="../topic-pages/00/00/02/22/0000022291.html">
                  Zwerdling, Alex
                </a>
            </li>
        
            <li>
                <a href="../topic-pages/00/00/02/59/0000025992.html">
                  Zwingli, Huldreich
                </a>
            </li>
        
        </ul>
    
    </div>
  </div>

    </div>
  </main>
</body>

</html>