{
    "add": [
        {
            "authors": "Kathleen Barry",
            "epubNumberOfPages": 388,
            "id": 19525,
            "isbn": "9780814712771",
            "pageLocalId": "page_84",
            "pageNumberForDisplay": "84",
            "pageSequenceNumber": 91,
            "pageText": "exploitation to individual experiences of it. That is how women in prostitution are excluded from being recognized as sexually victimized. Prostitute women are made to be the “other”—the women for whom the act of abusive, violating, dehumanizing sex is meant—because their consent is established in the market exchange, where they take money for sex.\nThe patriarchal power of sexual liberalism has deployed ideologies that narrowly construe consent in context of social normalcy of impaired judgment. Patriarchal law can address individual conditions of coercion but it will not help women confront conditions of collective oppression. It is not a crime to oppress women through sexual exploitation where those lines blur. The law will not resolve women’s subjection to sexual power. Nor will it correct its own liberal ideology that individualizes every case so that there is no recognizable collective condition. Only a collective liberation movement’s struggle with analysis of oppression can do that.\nThe facts of women’s subordination often lie in realities that are obscured in silence or normalized in acceptance but that nevertheless dehumanize and brutalize us as women even when we do not directly experience their most extreme manifestations—unless we bring to them consciousness of women’s condition as a political reality.\nBreaking silence and facing the brutal realities of sexual exploitation require feminist political consciousness. Consciousness transforms brutal facts and painful realities into new knowledge that exposes power and ignites action. Confronted with sexual exploitation, to move from not knowing to awareness without political consciousness of power relations leaves one confronted either with prevailing liberal ideology or raw pain, and therefore unable to know that because sexual exploitation is not inevitable and has been politically constructed, it can also be deconstructed—by women.\nThe common denominator in all sexual exploitation is the disruption of and violation of a woman’s identity, that sense of ",
            "publisher": "New york University Press",
            "title": "The Prostitution of Sexuality",
            "topicNames": [
                "Oppression -- and political consciousness",
                "Political consciousness -- and oppression",
                "Patriarchal laws -- and prostitution",
                "Patriarchal laws, and prostitution",
                "Patriarchal power -- and consent",
                "Self -- violation of",
                "Violation of the self"
            ],
            "topicNamesForDisplay": "[[\"Oppression -- and political consciousness\",\"Political consciousness -- and oppression\"],[\"Patriarchal laws -- and prostitution\",\"Patriarchal laws, and prostitution\"],[\"Patriarchal power -- and consent\"],[\"Violation of the self\",\"Self -- violation of\"]]",
            "topicNames_facet": [
                "Oppression -- and political consciousness",
                "Patriarchal laws -- and prostitution",
                "Patriarchal power -- and consent",
                "Violation of the self"
            ],
            "yearOfPublication": 0
        }
    ]
}