{
    "add": [
        {
            "authors": "Matthew A. Taylor",
            "epubNumberOfPages": 270,
            "id": 29759,
            "isbn": "9780816680610",
            "pageLocalId": "page_269",
            "pageNumberForDisplay": "269",
            "pageSequenceNumber": 289,
            "pageText": "superstition, 117; conjuring as (Chesnutt), 103, 113–14, 119, 223–24n7; Douglass and, 89–90; Equiano and, 98–99; as having basis (see also Od force), 27–29; voodoo as, 19\n          teleological historiographies, 17\n          Tell My Horse (Hurston), 21, 104, 107–8, 164; disrupting the ethnographic genre, 139–43; her response to the cruelty of animal sacrifice, 156–159; on the powers and dangers of voodoo, 147–56, 159–60; voodoo cosmology (see voodoo cosmology in Hurston); white voodoo priest in, 146–47; on zombies, 104, 159, 169. See also Hurston, Zora Neale\n          terror. See fear and terror\n          Theosophy, 10, 108–9, 188n67\n          thing theory: of Brown, 41–42, 168; “parliament of things” (Latour), 111, 168, 171, 173, 176; “thing-power” (Bennett), 41, 42; “things” in Poe, 42–43\n          Thompson, Robert Farris, 86\n          Thoreau, Henry David, 30; “The Method of Nature,” 10; Walden, 28; “Walking,” 9–10\n          Tourgée, Albion, A Fool’s Errand, 113\n          transcendentalism, 38, 55, 167; in Emerson, 9–10, 68–69; in Thoreau, 9–10, 28–30\n          transhumanism, technoscientific, 5, 180n5\n          Turn of the Screw, The (Henry James), 177–78\n          Tylor, Edward Burnett, 63, 64\n          Una (character in “The Colloquy of Monos and Una”), 38–39\n          unheimlich (Freud), 191n11\n          unity of self and world, effort to attain (Latour), 172–76\n          universal forces. See material universe\n          univocity, posthumanist, 23, 31, 168\n          Usher, House of. See “Fall of the House of Usher, The”\n          utopianism, 10\n          Valdemar (character in “The Facts in the Case of M. Valdemar”), 16, 29\n          vampires, 189n1\n          Vankirk (character in “Mesmeric Revelation”), 31–33, 43, 177\n          vitalism, 15, 64–65\n          voodoo, 87, 139, 145, 188n66, 212n2; ethnographic studies and more positive representation (see also Hurston), 103–6; Harlem Renaissance and, 103–4, 105, 106; local variations, 161; Vodou/voudoun (Haitian), 104, 143, 242n36, 242–43n39; Vodun (West African), 161; voodoo priest or ",
            "publisher": "University of Minnesota Press",
            "title": "Universes without Us",
            "topicNames": null,
            "topicNamesForDisplay": "[]",
            "topicNames_facet": null,
            "yearOfPublication": 0
        }
    ]
}