{
    "add": [
        {
            "authors": "Herscher, Andrew",
            "epubNumberOfPages": 316,
            "id": 3356,
            "isbn": "9780472029174",
            "pageLocalId": "page_270",
            "pageNumberForDisplay": "270",
            "pageSequenceNumber": 278,
            "pageText": "\n\n",
            "publisher": "The University of Michigan Press",
            "title": "The Unreal Estate Guide to Detroit",
            "topicNames": null,
            "topicNamesForDisplay": "[]",
            "topicNames_facet": null,
            "yearOfPublication": 0
        }
    ]
}