{
    "add": [
        {
            "authors": "Kelly, T. Mills",
            "epubNumberOfPages": 181,
            "id": 5164,
            "isbn": "9780472029136",
            "pageLocalId": "page_67",
            "pageNumberForDisplay": "67",
            "pageSequenceNumber": 75,
            "pageText": "\n\nRight away students will see that the locations of brothels and the arrests for prostitution do not correlate very well at all. The brothels are much closer to midtown Manhattan, while the arrests for prostitution are clustered much farther uptown. This finding raises historians' questions such as whether the police were working with the brothel owners in Harlem and so avoided arresting prostitutes close to the brothels, or conversely, if the police made the blocks around the brothels unfriendly locations for prostitutes to ply their trade, so they stayed further uptown? A ",
            "publisher": "The University of Michigan Press",
            "title": "Teaching History in the Digital Age",
            "topicNames": null,
            "topicNamesForDisplay": "[]",
            "topicNames_facet": null,
            "yearOfPublication": 0
        }
    ]
}