<!DOCTYPE html>
<html>

<head>
  <meta charset="utf-8">
  <meta http-equiv="X-UA-Compatible" content="IE=edge">
  <meta name="viewport" content="width=device-width, initial-scale=1">
  <meta name="description" content="ENM">
  <title>ENM Topic: Llull, Ramon</title>
  <link rel="stylesheet" href="../../../../../shared/font-awesome-4.7.0/css/font-awesome.min.css">
  <link href="https://fonts.googleapis.com/css?family=Crimson+Text" rel="stylesheet">
  <link rel="stylesheet" href="../../../../../shared/css/bulma.css">
</head>

<body>
  <div class="skipnav"><a href="#maincontent">Skip to main content</a></div>
<div class="enm-topnav">
  <div class="container is-fluid">
    <nav class="navbar is-transparent">
      <div class="navbar-brand">
        <h1 class="navbar-item enm-logo">
          <a href="../../../../..">
            Enhanced Networked Monographs
            
            <span id="navPrototypeLabel" class="tag is-danger">PROTOTYPE</span>
          </a>
        </h1>
        <div class="navbar-burger burger" data-target="navMenuIndex">
          <span></span>
          <span></span>
          <span></span>
        </div>
      </div>
      <div id="navMenuIndex" class="navbar-menu">
        <div class="navbar-start">
          <div class="navbar-item">
            <a class="navbar-item" href="../../../../../search-results/">Search</a>
          </div>
           <div class="navbar-item">
            <a class="navbar-item" href="../../../../../about.html">About</a>
          </div>
          <div class="navbar-item has-dropdown is-hoverable">
            <a class="navbar-link" href="../../../../../browse-topics-lists/enm-picks.html">
              Browse
            </a>
            <div class="navbar-dropdown is-boxed">
              <a class="navbar-item " href="../../../../../browse-topics-lists/enm-picks.html">
                Featured topics
              </a>
               <hr class="navbar-divider">
              <a class="navbar-item " href="../../../../../browse-topics-lists/a.html">
                All topics
              </a>
            </div>
          </div>
        </div>
      </div>
    </nav>
  </div>
</div>
  <main class="enm-topicpage">
    <section class="hero  is-primary">
      <div class="hero-body">
        <div class="container">
          <header class="columns is-vcentered">
            <div class="column is-two-thirds">
              <div class="supertitle ">
                TOPIC
              </div>
              <div class="title enm-topictitle">
                Llull, Ramon
                
              </div>
            </div>
            
          </header>
        </div>
      </div>
      </div>
    </section>
    <section class="section">
      <div class="container">
        <div class="enm-topic-items columns ">
          <div id="force-simulation" class="enm-topicmap column is-two-thirds">
            <svg viewBox="100 30 700 300" preserveAspectRatio="xMinYMin meet" style="height:100%; width:100%">
            </svg>
          </div>
          <div class=" enm-books-with-topic column">
            <h2 class="enm-title">This topic referenced in:</h2>
            
            <hr>
            <article class="box">
              <a href="#">Leave feedback</a> on this topic
            </article>
          </div>
        </div>
      </div>
    </section>
  </main>
  <script>var visualizationData = {"nodes":[{"id":35,"name":"ciphers","ocount":2,"path":"00/00/00/00/0000000035.html"},{"id":36,"name":"Llull, Ramon","ocount":0,"path":"00/00/00/00/0000000036.html"}],"links":[{"source":36,"target":35}]}</script>
  <script src="https://d3js.org/d3.v4.min.js"></script>
  <script src="../../../../../shared/js/topic-page.js"></script>
</body>

</html>
