<!DOCTYPE html>
<html>

<head>
  <meta charset="utf-8">
  <meta http-equiv="X-UA-Compatible" content="IE=edge">
  <meta name="viewport" content="width=device-width, initial-scale=1">
  <meta name="description" content="ENM">
  <title>ENM Topic: culture(s)</title>
  <link rel="stylesheet" href="../../../../../shared/font-awesome-4.7.0/css/font-awesome.min.css">
  <link href="https://fonts.googleapis.com/css?family=Crimson+Text" rel="stylesheet">
  <link rel="stylesheet" href="../../../../../shared/css/bulma.css">
</head>

<body>
  <div class="skipnav"><a href="#maincontent">Skip to main content</a></div>
<div class="enm-topnav">
  <div class="container is-fluid">
    <nav class="navbar is-transparent">
      <div class="navbar-brand">
        <h1 class="navbar-item enm-logo">
          <a href="../../../../..">
            Enhanced Networked Monographs
            
            <span id="navPrototypeLabel" class="tag is-danger">PROTOTYPE</span>
          </a>
        </h1>
        <div class="navbar-burger burger" data-target="navMenuIndex">
          <span></span>
          <span></span>
          <span></span>
        </div>
      </div>
      <div id="navMenuIndex" class="navbar-menu">
        <div class="navbar-start">
          <div class="navbar-item">
            <a class="navbar-item" href="../../../../../search-results/">Search</a>
          </div>
           <div class="navbar-item">
            <a class="navbar-item" href="../../../../../about.html">About</a>
          </div>
          <div class="navbar-item has-dropdown is-hoverable">
            <a class="navbar-link" href="../../../../../browse-topics-lists/enm-picks.html">
              Browse
            </a>
            <div class="navbar-dropdown is-boxed">
              <a class="navbar-item " href="../../../../../browse-topics-lists/enm-picks.html">
                Featured topics
              </a>
               <hr class="navbar-divider">
              <a class="navbar-item " href="../../../../../browse-topics-lists/a.html">
                All topics
              </a>
            </div>
          </div>
        </div>
      </div>
    </nav>
  </div>
</div>
  <main class="enm-topicpage">
    <section class="hero  is-primary">
      <div class="hero-body">
        <div class="container">
          <header class="columns is-vcentered">
            <div class="column is-two-thirds">
              <div class="supertitle ">
                TOPIC
              </div>
              <div class="title enm-topictitle">
                culture(s)
                
                <span class="subtitle">
                    
                    
                        (Alternative names: culture&nbsp;&bull;&nbsp;Culture)
                    
                </span>
                
              </div>
            </div>
            
          </header>
        </div>
      </div>
      </div>
    </section>
    <section class="section">
      <div class="container">
        <div class="enm-topic-items columns ">
          <div id="force-simulation" class="enm-topicmap column is-two-thirds">
            <svg viewBox="100 30 700 300" preserveAspectRatio="xMinYMin meet" style="height:100%; width:100%">
            </svg>
          </div>
          <div class=" enm-books-with-topic column">
            <h2 class="enm-title">This topic referenced in:</h2>
            
            <div class="box">
  <article class="media enm-book">
    <div class="media-left">
      <figure class="image enm-thumbnail">
        <img src="/enm/enm-web/prototypes/shared/assets/covers/9780816681655.jpg" alt="">
      </figure>
    </div>
    <div class="media-content">
      <h3 class="title is-5">
     Educated in Whiteness</h3>
      <div class="meta">Angelina E. Castagno; University of Minnesota Press</div>
      <nav class="level is-mobile">
        <div class="level-right">
          <a class="button level-item is-primary is-outlined is-small">Open in Reader</a>
        </div>
      </nav>
    </div>
  </article>
</div>
            
            <div class="box">
  <article class="media enm-book">
    <div class="media-left">
      <figure class="image enm-thumbnail">
        <img src="/enm/enm-web/prototypes/shared/assets/covers/9780814706657.jpg" alt="">
      </figure>
    </div>
    <div class="media-content">
      <h3 class="title is-5">
     Narcissism and the Literary Libido</h3>
      <div class="meta">Marshall W. Alcorn, Jr.; New York University Press</div>
      <nav class="level is-mobile">
        <div class="level-right">
          <a class="button level-item is-primary is-outlined is-small">Open in Reader</a>
        </div>
      </nav>
    </div>
  </article>
</div>
            
            <div class="box">
  <article class="media enm-book">
    <div class="media-left">
      <figure class="image enm-thumbnail">
        <img src="/enm/enm-web/prototypes/shared/assets/covers/9781452941516.jpg" alt="">
      </figure>
    </div>
    <div class="media-content">
      <h3 class="title is-5">
     Split Screen Korea</h3>
      <div class="meta">Steven Chung; University of Minnesota Press</div>
      <nav class="level is-mobile">
        <div class="level-right">
          <a class="button level-item is-primary is-outlined is-small">Open in Reader</a>
        </div>
      </nav>
    </div>
  </article>
</div>
            
            <div class="box">
  <article class="media enm-book">
    <div class="media-left">
      <figure class="image enm-thumbnail">
        <img src="/enm/enm-web/prototypes/shared/assets/covers/9780814779965.jpg" alt="">
      </figure>
    </div>
    <div class="media-content">
      <h3 class="title is-5">
     American Cool</h3>
      <div class="meta">Peter N. Stearns; New York University Press</div>
      <nav class="level is-mobile">
        <div class="level-right">
          <a class="button level-item is-primary is-outlined is-small">Open in Reader</a>
        </div>
      </nav>
    </div>
  </article>
</div>
            
            <div class="box">
  <article class="media enm-book">
    <div class="media-left">
      <figure class="image enm-thumbnail">
        <img src="/enm/enm-web/prototypes/shared/assets/covers/9781479824243.jpg" alt="">
      </figure>
    </div>
    <div class="media-content">
      <h3 class="title is-5">
     The Class: Living and Learning in the Digital Age</h3>
      <div class="meta">Sonia Livingstone and Julian Sefton-Green; New York University Press</div>
      <nav class="level is-mobile">
        <div class="level-right">
          <a class="button level-item is-primary is-outlined is-small">Open in Reader</a>
        </div>
      </nav>
    </div>
  </article>
</div>
            
            <div class="box">
  <article class="media enm-book">
    <div class="media-left">
      <figure class="image enm-thumbnail">
        <img src="/enm/enm-web/prototypes/shared/assets/covers/9780814761908.jpg" alt="">
      </figure>
    </div>
    <div class="media-content">
      <h3 class="title is-5">
     Embracing the Other</h3>
      <div class="meta">Pearl M. Oliner; New York University Press</div>
      <nav class="level is-mobile">
        <div class="level-right">
          <a class="button level-item is-primary is-outlined is-small">Open in Reader</a>
        </div>
      </nav>
    </div>
  </article>
</div>
            
            <div class="box">
  <article class="media enm-book">
    <div class="media-left">
      <figure class="image enm-thumbnail">
        <img src="/enm/enm-web/prototypes/shared/assets/covers/9780814713266.jpg" alt="">
      </figure>
    </div>
    <div class="media-content">
      <h3 class="title is-5">
     The Scar That Binds</h3>
      <div class="meta">Keith Beattie; New York University Press</div>
      <nav class="level is-mobile">
        <div class="level-right">
          <a class="button level-item is-primary is-outlined is-small">Open in Reader</a>
        </div>
      </nav>
    </div>
  </article>
</div>
            
            <div class="box">
  <article class="media enm-book">
    <div class="media-left">
      <figure class="image enm-thumbnail">
        <img src="/enm/enm-web/prototypes/shared/assets/covers/9780814774694.jpg" alt="">
      </figure>
    </div>
    <div class="media-content">
      <h3 class="title is-5">
     The Psychological Assessment of Presidential Candidates</h3>
      <div class="meta">Stanley A. Renshon; New York University Press</div>
      <nav class="level is-mobile">
        <div class="level-right">
          <a class="button level-item is-primary is-outlined is-small">Open in Reader</a>
        </div>
      </nav>
    </div>
  </article>
</div>
            
            <hr>
            <article class="box">
              <a href="#">Leave feedback</a> on this topic
            </article>
          </div>
        </div>
      </div>
    </section>
  </main>
  <script>var visualizationData = {"nodes":[{"id":22928,"name":"\"Affirming cultures\"","ocount":3,"path":"00/00/02/29/0000022928.html"},{"id":1063,"name":"\"black culture\"","ocount":4,"path":"00/00/00/10/0000001063.html"},{"id":33967,"name":"\"Culture of poverty,\" thesis of","ocount":1,"path":"00/00/03/39/0000033967.html"},{"id":40968,"name":"\"Two Cultures\"","ocount":4,"path":"00/00/04/09/0000040968.html"},{"id":44784,"name":"Adorno, Theodor -- mass culture","ocount":5,"path":"00/00/04/47/0000044784.html"},{"id":385,"name":"African Americans -- culture","ocount":6,"path":"00/00/00/03/0000000385.html"},{"id":2455,"name":"African culture","ocount":1,"path":"00/00/00/24/0000002455.html"},{"id":23287,"name":"American culture, Jewish contribution to","ocount":3,"path":"00/00/02/32/0000023287.html"},{"id":34472,"name":"American political culture","ocount":1,"path":"00/00/03/44/0000034472.html"},{"id":15693,"name":"Art -- Culture Day","ocount":1,"path":"00/00/01/56/0000015693.html"},{"id":26751,"name":"Asian -- and culture-based arguments","ocount":1,"path":"00/00/02/67/0000026751.html"},{"id":2479,"name":"Asian culture","ocount":2,"path":"00/00/00/24/0000002479.html"},{"id":10824,"name":"attainment -- culture of anxiety over","ocount":1,"path":"00/00/01/08/0000010824.html"},{"id":42083,"name":"b-boying/b-boy dance style -- b-boy culture","ocount":2,"path":"00/00/04/20/0000042083.html"},{"id":8628,"name":"Balsamo, Anne -- Designing Culture","ocount":1,"path":"00/00/00/86/0000008628.html"},{"id":4424,"name":"Beach, Christopher, Poetic Culture","ocount":2,"path":"00/00/00/44/0000004424.html"},{"id":30295,"name":"Bible -- in American culture and rhetoric","ocount":4,"path":"00/00/03/02/0000030295.html"},{"id":33879,"name":"Black culture -- hipsterism","ocount":1,"path":"00/00/03/38/0000033879.html"},{"id":33878,"name":"Black culture -- the \"bad nigger\"","ocount":1,"path":"00/00/03/38/0000033878.html"},{"id":33904,"name":"Blacks and Jews compared -- in popular culture","ocount":1,"path":"00/00/03/39/0000033904.html"},{"id":37345,"name":"Body -- culture's grip on","ocount":4,"path":"00/00/03/73/0000037345.html"},{"id":22363,"name":"boy culture","ocount":4,"path":"00/00/02/23/0000022363.html"},{"id":23876,"name":"California -- political culture of","ocount":1,"path":"00/00/02/38/0000023876.html"},{"id":2563,"name":"Callahan, Daniel: The Cheating Culture","ocount":1,"path":"00/00/00/25/0000002563.html"},{"id":44816,"name":"capitalism -- culture industry and","ocount":2,"path":"00/00/04/48/0000044816.html"},{"id":27290,"name":"Children -- and American Indian culture","ocount":3,"path":"00/00/02/72/0000027290.html"},{"id":27291,"name":"Children -- and Hindu Culture","ocount":1,"path":"00/00/02/72/0000027291.html"},{"id":2581,"name":"China -- culture","ocount":4,"path":"00/00/00/25/0000002581.html"},{"id":10101,"name":"Civic culture","ocount":3,"path":"00/00/01/01/0000010101.html"},{"id":10102,"name":"Civic culture -- affinity","ocount":2,"path":"00/00/01/01/0000010102.html"},{"id":10103,"name":"Civic culture -- discussion","ocount":3,"path":"00/00/01/01/0000010103.html"},{"id":10104,"name":"Civic culture -- identity","ocount":8,"path":"00/00/01/01/0000010104.html"},{"id":10105,"name":"Civic culture -- knowledge","ocount":3,"path":"00/00/01/01/0000010105.html"},{"id":10106,"name":"Civic culture -- practices","ocount":3,"path":"00/00/01/01/0000010106.html"},{"id":10107,"name":"Civic culture -- values","ocount":3,"path":"00/00/01/01/0000010107.html"},{"id":23881,"name":"Civic Culture, The (Almond and Verba)","ocount":1,"path":"00/00/02/38/0000023881.html"},{"id":8726,"name":"collaborating and rewarding -- \"culture of recognition\"","ocount":2,"path":"00/00/00/87/0000008726.html"},{"id":44859,"name":"colonial period -- culture","ocount":3,"path":"00/00/04/48/0000044859.html"},{"id":10937,"name":"common culture","ocount":0,"path":"00/00/01/09/0000010937.html"},{"id":10938,"name":"common culture -- mass media as","ocount":1,"path":"00/00/01/09/0000010938.html"},{"id":10939,"name":"common culture -- popular culture as","ocount":2,"path":"00/00/01/09/0000010939.html"},{"id":7565,"name":"consumerism / consumer culture","ocount":40,"path":"00/00/00/75/0000007565.html"},{"id":8146,"name":"convergence culture","ocount":2,"path":"00/00/00/81/0000008146.html"},{"id":31663,"name":"cosmetic culture","ocount":1,"path":"00/00/03/16/0000031663.html"},{"id":23004,"name":"Culture -- affirming","ocount":3,"path":"00/00/02/30/0000023004.html"},{"id":33487,"name":"Culture -- American Indian","ocount":1,"path":"00/00/03/34/0000033487.html"},{"id":31667,"name":"culture -- and language","ocount":1,"path":"00/00/03/16/0000031667.html"},{"id":33494,"name":"Culture -- and mourning","ocount":1,"path":"00/00/03/34/0000033494.html"},{"id":33497,"name":"Culture -- and women","ocount":1,"path":"00/00/03/34/0000033497.html"},{"id":33488,"name":"Culture -- assessment","ocount":1,"path":"00/00/03/34/0000033488.html"},{"id":33489,"name":"Culture -- assessment instrument validity and","ocount":1,"path":"00/00/03/34/0000033489.html"},{"id":10886,"name":"culture -- child-centered","ocount":2,"path":"00/00/01/08/0000010886.html"},{"id":33491,"name":"Culture -- client identification with","ocount":1,"path":"00/00/03/34/0000033491.html"},{"id":33492,"name":"Culture -- client-therapist match","ocount":1,"path":"00/00/03/34/0000033492.html"},{"id":31666,"name":"culture -- defined","ocount":1,"path":"00/00/03/16/0000031666.html"},{"id":63,"name":"culture -- development of","ocount":6,"path":"00/00/00/00/0000000063.html"},{"id":64,"name":"culture -- identity","ocount":2,"path":"00/00/00/00/0000000064.html"},{"id":33490,"name":"Culture -- in biopsychosocial/spiritual model","ocount":1,"path":"00/00/03/34/0000033490.html"},{"id":12891,"name":"Culture -- internalization of","ocount":1,"path":"00/00/01/28/0000012891.html"},{"id":31668,"name":"culture -- militarized","ocount":1,"path":"00/00/03/16/0000031668.html"},{"id":33493,"name":"Culture -- of different disciplines","ocount":2,"path":"00/00/03/34/0000033493.html"},{"id":31669,"name":"culture -- of narcissism","ocount":2,"path":"00/00/03/16/0000031669.html"},{"id":33496,"name":"Culture -- of rural areas","ocount":2,"path":"00/00/03/34/0000033496.html"},{"id":65,"name":"culture -- paths through","ocount":2,"path":"00/00/00/00/0000000065.html"},{"id":7805,"name":"culture -- popular","ocount":17,"path":"00/00/00/78/0000007805.html"},{"id":33495,"name":"Culture -- power and control issues","ocount":1,"path":"00/00/03/34/0000033495.html"},{"id":10997,"name":"culture -- social class and","ocount":1,"path":"00/00/01/09/0000010997.html"},{"id":14905,"name":"Culture and Imperialism (Said)","ocount":1,"path":"00/00/01/49/0000014905.html"},{"id":7580,"name":"culture industry","ocount":8,"path":"00/00/00/75/0000007580.html"},{"id":10149,"name":"Culture jamming","ocount":4,"path":"00/00/01/01/0000010149.html"},{"id":42123,"name":"culture of hip-hop -- as a uniting force","ocount":1,"path":"00/00/04/21/0000042123.html"},{"id":42117,"name":"culture of hip-hop -- entry into","ocount":1,"path":"00/00/04/21/0000042117.html"},{"id":42118,"name":"culture of hip-hop -- masculinist aspects","ocount":0,"path":"00/00/04/21/0000042118.html"},{"id":42119,"name":"culture of hip-hop -- mobile DJ scene","ocount":6,"path":"00/00/04/21/0000042119.html"},{"id":42120,"name":"culture of hip-hop -- non-African contributions","ocount":1,"path":"00/00/04/21/0000042120.html"},{"id":42121,"name":"culture of hip-hop -- racialization of","ocount":2,"path":"00/00/04/21/0000042121.html"},{"id":42122,"name":"culture of hip-hop -- significance to larger culture","ocount":1,"path":"00/00/04/21/0000042122.html"},{"id":42124,"name":"culture of hip-hop -- viewed as an Afro-diaspora form","ocount":1,"path":"00/00/04/21/0000042124.html"},{"id":19094,"name":"culture of masochism","ocount":5,"path":"00/00/01/90/0000019094.html"},{"id":41940,"name":"culture of nice","ocount":4,"path":"00/00/04/19/0000041940.html"},{"id":41941,"name":"culture of nice -- Salt Lake","ocount":1,"path":"00/00/04/19/0000041941.html"},{"id":41942,"name":"culture of nice -- Utah","ocount":1,"path":"00/00/04/19/0000041942.html"},{"id":41943,"name":"culture of poverty","ocount":4,"path":"00/00/04/19/0000041943.html"},{"id":41945,"name":"culture of poverty -- equality","ocount":1,"path":"00/00/04/19/0000041945.html"},{"id":5655,"name":"Culture wars","ocount":6,"path":"00/00/00/56/0000005655.html"},{"id":44878,"name":"culture(s) -- American","ocount":7,"path":"00/00/04/48/0000044878.html"},{"id":44879,"name":"culture(s) -- colonial","ocount":3,"path":"00/00/04/48/0000044879.html"},{"id":44880,"name":"culture(s) -- conflicts in","ocount":1,"path":"00/00/04/48/0000044880.html"},{"id":44881,"name":"culture(s) -- developmentalist","ocount":2,"path":"00/00/04/48/0000044881.html"},{"id":44882,"name":"culture(s) -- enlightenment","ocount":1,"path":"00/00/04/48/0000044882.html"},{"id":44883,"name":"culture(s) -- film","ocount":5,"path":"00/00/04/48/0000044883.html"},{"id":44884,"name":"culture(s) -- Japanese","ocount":2,"path":"00/00/04/48/0000044884.html"},{"id":44885,"name":"culture(s) -- modern","ocount":2,"path":"00/00/04/48/0000044885.html"},{"id":44886,"name":"culture(s) -- nationalist","ocount":2,"path":"00/00/04/48/0000044886.html"},{"id":44887,"name":"culture(s) -- political","ocount":4,"path":"00/00/04/48/0000044887.html"},{"id":44888,"name":"culture(s) -- socialist","ocount":1,"path":"00/00/04/48/0000044888.html"},{"id":40265,"name":"Culture, American","ocount":0,"path":"00/00/04/02/0000040265.html"},{"id":40268,"name":"Culture, American -- as mediating force in observation","ocount":1,"path":"00/00/04/02/0000040268.html"},{"id":40266,"name":"Culture, American -- effect on adolescent attitudes","ocount":1,"path":"00/00/04/02/0000040266.html"},{"id":40267,"name":"Culture, American -- gender pressures of","ocount":1,"path":"00/00/04/02/0000040267.html"},{"id":8760,"name":"Culture, Creativity, and Design Project","ocount":1,"path":"00/00/00/87/0000008760.html"},{"id":20709,"name":"Culture, differences in","ocount":2,"path":"00/00/02/07/0000020709.html"},{"id":21418,"name":"Culture, reparation in","ocount":1,"path":"00/00/02/14/0000021418.html"},{"id":6991,"name":"digital technology -- hip-hop culture and","ocount":1,"path":"00/00/00/69/0000006991.html"},{"id":42145,"name":"DJ culture","ocount":1,"path":"00/00/04/21/0000042145.html"},{"id":42077,"name":"DJ culture -- Bay Area","ocount":4,"path":"00/00/04/20/0000042077.html"},{"id":42148,"name":"DJ culture -- exclusion of Filipino DJs","ocount":1,"path":"00/00/04/21/0000042148.html"},{"id":42149,"name":"DJ culture -- gendered space","ocount":4,"path":"00/00/04/21/0000042149.html"},{"id":42150,"name":"DJ culture -- racialized aspects","ocount":4,"path":"00/00/04/21/0000042150.html"},{"id":42151,"name":"DJ culture -- racially neutral aspects","ocount":1,"path":"00/00/04/21/0000042151.html"},{"id":42152,"name":"DJ culture -- status hierarchy","ocount":1,"path":"00/00/04/21/0000042152.html"},{"id":32732,"name":"Dominant culture","ocount":6,"path":"00/00/03/27/0000032732.html"},{"id":32733,"name":"Dominant culture -- and assimilation","ocount":1,"path":"00/00/03/27/0000032733.html"},{"id":32734,"name":"Dominant culture -- and ideology","ocount":7,"path":"00/00/03/27/0000032734.html"},{"id":32735,"name":"Dominant culture -- gay men's influence on","ocount":1,"path":"00/00/03/27/0000032735.html"},{"id":37465,"name":"Eating disorders -- and culture","ocount":2,"path":"00/00/03/74/0000037465.html"},{"id":23894,"name":"Elazar, Daniel: typology of state political cultures","ocount":3,"path":"00/00/02/38/0000023894.html"},{"id":8857,"name":"European Science Foundation -- Changing Publication Cultures in the Humanities","ocount":2,"path":"00/00/00/88/0000008857.html"},{"id":37559,"name":"Feminine/Femininity -- and culture","ocount":1,"path":"00/00/03/75/0000037559.html"},{"id":31256,"name":"Feminism -- pop culture","ocount":2,"path":"00/00/03/12/0000031256.html"},{"id":38404,"name":"Feminism -- women's feminist culture","ocount":3,"path":"00/00/03/84/0000038404.html"},{"id":42181,"name":"Filipino Americanism -- pop culture","ocount":2,"path":"00/00/04/21/0000042181.html"},{"id":42187,"name":"Filipino DJs -- Bay Area DJ culture and","ocount":2,"path":"00/00/04/21/0000042187.html"},{"id":44947,"name":"film(s) -- culture of","ocount":5,"path":"00/00/04/49/0000044947.html"},{"id":37567,"name":"Food -- and culture","ocount":1,"path":"00/00/03/75/0000037567.html"},{"id":17832,"name":"Galicia -- Jewish culture in","ocount":1,"path":"00/00/01/78/0000017832.html"},{"id":5705,"name":"Gates, Henry Louis -- Culture wars","ocount":2,"path":"00/00/00/57/0000005705.html"},{"id":11206,"name":"gender -- common culture differences from","ocount":1,"path":"00/00/01/12/0000011206.html"},{"id":42207,"name":"gender and the culture of diaspora","ocount":2,"path":"00/00/04/22/0000042207.html"},{"id":8896,"name":"Georgia Institute of Technology -- School of Literature, Communication and Culture (LCC)","ocount":2,"path":"00/00/00/88/0000008896.html"},{"id":4599,"name":"Gioia, Dana -- Disappearing Ink: Poetry at the End of Print Culture","ocount":2,"path":"00/00/00/45/0000004599.html"},{"id":36395,"name":"Graff, Gerald -- Beyond the Culture Wars","ocount":1,"path":"00/00/03/63/0000036395.html"},{"id":558,"name":"grassroots -- culture","ocount":1,"path":"00/00/00/05/0000000558.html"},{"id":8919,"name":"Great Lakes Research Alliance for the Study of Aboriginal Arts and Cultures","ocount":1,"path":"00/00/00/89/0000008919.html"},{"id":4629,"name":"Heraclitean flux -- of contemporary culture","ocount":1,"path":"00/00/00/46/0000004629.html"},{"id":11270,"name":"high-culture references","ocount":2,"path":"00/00/01/12/0000011270.html"},{"id":42116,"name":"hip-hop -- culture of","ocount":0,"path":"00/00/04/21/0000042116.html"},{"id":5747,"name":"Hip-hop -- Relation to high culture","ocount":26,"path":"00/00/00/57/0000005747.html"},{"id":7081,"name":"hip-hop culture, influences of","ocount":3,"path":"00/00/00/70/0000007081.html"},{"id":11283,"name":"home -- school and peer culture","ocount":4,"path":"00/00/01/12/0000011283.html"},{"id":45009,"name":"Horkheimer, Max, on mass culture","ocount":5,"path":"00/00/04/50/0000045009.html"},{"id":45016,"name":"ideology -- of mass culture","ocount":2,"path":"00/00/04/50/0000045016.html"},{"id":7748,"name":"image / image-centered culture","ocount":46,"path":"00/00/00/77/0000007748.html"},{"id":26923,"name":"Immigrants -- and culture-based objections","ocount":1,"path":"00/00/02/69/0000026923.html"},{"id":287,"name":"information cultures","ocount":7,"path":"00/00/00/02/0000000287.html"},{"id":8996,"name":"interdisciplinary, \ncommunity -- Culture, Creativity, and Design Project","ocount":1,"path":"00/00/00/89/0000008996.html"},{"id":39025,"name":"Ironist culture","ocount":1,"path":"00/00/03/90/0000039025.html"},{"id":11357,"name":"Jenna (class member) -- migration network and culture parallel social worlds","ocount":1,"path":"00/00/01/13/0000011357.html"},{"id":15098,"name":"Job market -- and shift from literature to culture","ocount":1,"path":"00/00/01/50/0000015098.html"},{"id":9032,"name":"Journal of Post Modern Culture","ocount":1,"path":"00/00/00/90/0000009032.html"},{"id":2290,"name":"Journalism culture","ocount":2,"path":"00/00/00/22/0000002290.html"},{"id":11392,"name":"late modernity -- popular culture in","ocount":1,"path":"00/00/01/13/0000011392.html"},{"id":26987,"name":"Latino -- and culture-based objections to their immigration","ocount":1,"path":"00/00/02/69/0000026987.html"},{"id":39076,"name":"Law -- and culture","ocount":3,"path":"00/00/03/90/0000039076.html"},{"id":7149,"name":"learning -- popular culture and","ocount":1,"path":"00/00/00/71/0000007149.html"},{"id":20399,"name":"Legal cultures","ocount":1,"path":"00/00/02/03/0000020399.html"},{"id":38497,"name":"Lesbian -- construction of lesbian culture","ocount":2,"path":"00/00/03/84/0000038497.html"},{"id":24941,"name":"Loewald, Hans -- on bias of analytic culture","ocount":1,"path":"00/00/02/49/0000024941.html"},{"id":712,"name":"Louisiana -- culture","ocount":1,"path":"00/00/00/07/0000000712.html"},{"id":729,"name":"Louisiana: Where Culture Means Business","ocount":1,"path":"00/00/00/07/0000000729.html"},{"id":18640,"name":"Magyar Kultura (Hungarian Culture) (publication)","ocount":2,"path":"00/00/01/86/0000018640.html"},{"id":7581,"name":"mass culture","ocount":12,"path":"00/00/00/75/0000007581.html"},{"id":45100,"name":"mass culture -- American","ocount":2,"path":"00/00/04/51/0000045100.html"},{"id":45101,"name":"mass culture -- filmmaking's role in","ocount":8,"path":"00/00/04/51/0000045101.html"},{"id":45102,"name":"mass culture -- Korean","ocount":4,"path":"00/00/04/51/0000045102.html"},{"id":23980,"name":"Massachusetts -- political culture of","ocount":1,"path":"00/00/02/39/0000023980.html"},{"id":129,"name":"material culture","ocount":3,"path":"00/00/00/01/0000000129.html"},{"id":45759,"name":"matter -- culture of matter","ocount":1,"path":"00/00/04/57/0000045759.html"},{"id":2883,"name":"Middle Eastern culture","ocount":1,"path":"00/00/00/28/0000002883.html"},{"id":45115,"name":"modernism -- mass culture and","ocount":2,"path":"00/00/04/51/0000045115.html"},{"id":5853,"name":"Morrison, Toni -- Visual culture","ocount":1,"path":"00/00/00/58/0000005853.html"},{"id":2336,"name":"National culture","ocount":8,"path":"00/00/00/23/0000002336.html"},{"id":18031,"name":"Nationality and culture","ocount":1,"path":"00/00/01/80/0000018031.html"},{"id":45812,"name":"nature -- culture and","ocount":3,"path":"00/00/04/58/0000045812.html"},{"id":14735,"name":"Nelson, Cary -- Marxism and the Interpretation of Culture (1988)","ocount":1,"path":"00/00/01/47/0000014735.html"},{"id":805,"name":"New Orleans, La. -- culture","ocount":2,"path":"00/00/00/08/0000000805.html"},{"id":808,"name":"New Orleans, La. -- living culture","ocount":1,"path":"00/00/00/08/0000000808.html"},{"id":34265,"name":"New York Intellectuals -- impact on American culture","ocount":1,"path":"00/00/03/42/0000034265.html"},{"id":46084,"name":"Other -- culture as","ocount":1,"path":"00/00/04/60/0000046084.html"},{"id":5879,"name":"Ownership -- Visual culture","ocount":15,"path":"00/00/00/58/0000005879.html"},{"id":10553,"name":"Participatory culture","ocount":9,"path":"00/00/01/05/0000010553.html"},{"id":10996,"name":"peer cultures on- and offline","ocount":4,"path":"00/00/01/09/0000010996.html"},{"id":11663,"name":"peer cultures on- and offline -- child-centered","ocount":2,"path":"00/00/01/16/0000011663.html"},{"id":11664,"name":"peer cultures on- and offline -- home, school, and","ocount":4,"path":"00/00/01/16/0000011664.html"},{"id":11665,"name":"peer cultures on- and offline -- online social networking sites","ocount":2,"path":"00/00/01/16/0000011665.html"},{"id":11666,"name":"peer cultures on- and offline -- private spaces and","ocount":1,"path":"00/00/01/16/0000011666.html"},{"id":37884,"name":"Perpetrator -- and culture","ocount":3,"path":"00/00/03/78/0000037884.html"},{"id":13467,"name":"Political -- culture","ocount":5,"path":"00/00/01/34/0000013467.html"},{"id":23998,"name":"Political culture -- effects of, on coalition building","ocount":2,"path":"00/00/02/39/0000023998.html"},{"id":23999,"name":"Political culture -- viewed at the state level","ocount":1,"path":"00/00/02/39/0000023999.html"},{"id":45186,"name":"politics -- of culture","ocount":4,"path":"00/00/04/51/0000045186.html"},{"id":11680,"name":"popular culture -- classroom use of","ocount":1,"path":"00/00/01/16/0000011680.html"},{"id":11681,"name":"popular culture -- teachers' dated vision of","ocount":1,"path":"00/00/01/16/0000011681.html"},{"id":7236,"name":"popular culture, connections to learning","ocount":1,"path":"00/00/00/72/0000007236.html"},{"id":41718,"name":"Postmodernism -- culture of","ocount":1,"path":"00/00/04/17/0000041718.html"},{"id":43417,"name":"poverty -- culture theory of","ocount":1,"path":"00/00/04/34/0000043417.html"},{"id":13570,"name":"Presidential power -- American political culture and","ocount":1,"path":"00/00/01/35/0000013570.html"},{"id":2387,"name":"Professional journalism, professionalization of journalism (news, media) -- Ideals, culture, identity","ocount":2,"path":"00/00/00/23/0000002387.html"},{"id":27066,"name":"Proposition -- and advancement of a distinctly American culture","ocount":1,"path":"00/00/02/70/0000027066.html"},{"id":27083,"name":"Race -- and culture-based arguments against immigration","ocount":1,"path":"00/00/02/70/0000027083.html"},{"id":15218,"name":"Race and Culture: A World View (Sowell)","ocount":2,"path":"00/00/01/52/0000015218.html"},{"id":27593,"name":"Relativism -- and symbols-and-meanings interpretation of culture","ocount":1,"path":"00/00/02/75/0000027593.html"},{"id":4103,"name":"Sacks, Peter -- Standardized Minds: The High Price of America's Testing Culture and What We Can Do to Change It","ocount":1,"path":"00/00/00/41/0000004103.html"},{"id":11769,"name":"school life, routine and civility in -- popular culture as common culture","ocount":2,"path":"00/00/01/17/0000011769.html"},{"id":33325,"name":"Science -- scientific culture","ocount":2,"path":"00/00/03/33/0000033325.html"},{"id":27663,"name":"Symbols-and-meanings interpretation of culture","ocount":1,"path":"00/00/02/76/0000027663.html"},{"id":24029,"name":"Texas -- political culture of","ocount":1,"path":"00/00/02/40/0000024029.html"},{"id":9339,"name":"Texas A\u0026M University -- Initiative for Digital Humanities, Media, and Culture","ocount":1,"path":"00/00/00/93/0000009339.html"},{"id":7384,"name":"traditional teaching culture","ocount":0,"path":"00/00/00/73/0000007384.html"},{"id":7386,"name":"traditional teaching culture -- as obstacle to transformation","ocount":2,"path":"00/00/00/73/0000007386.html"},{"id":7385,"name":"traditional teaching culture -- connecting to digital technology","ocount":4,"path":"00/00/00/73/0000007385.html"},{"id":7387,"name":"traditional teaching culture -- virtual environments as threat to","ocount":1,"path":"00/00/00/73/0000007387.html"},{"id":10696,"name":"Transformative works and cultures","ocount":1,"path":"00/00/01/06/0000010696.html"},{"id":7388,"name":"U.S. education system -- changing structures and cultures of","ocount":2,"path":"00/00/00/73/0000007388.html"},{"id":1549,"name":"United States -- global influence of popular culture","ocount":14,"path":"00/00/00/15/0000001549.html"},{"id":4221,"name":"University of Michigan -- American Culture","ocount":2,"path":"00/00/00/42/0000004221.html"},{"id":9435,"name":"University of Victoria -- Electronic Textual Cultures Lab","ocount":2,"path":"00/00/00/94/0000009435.html"},{"id":2444,"name":"Western bias -- \"Journalism culture\" as shortcut to avoid","ocount":2,"path":"00/00/00/24/0000002444.html"},{"id":3111,"name":"Western culture","ocount":7,"path":"00/00/00/31/0000003111.html"},{"id":39804,"name":"Williams, Joan -- law and culture","ocount":1,"path":"00/00/03/98/0000039804.html"},{"id":23823,"name":"Wissenschaft des Judentums -- Society for Culture and Science of Judaism","ocount":1,"path":"00/00/02/38/0000023823.html"},{"id":42417,"name":"writing culture","ocount":2,"path":"00/00/04/24/0000042417.html"},{"id":62,"name":"culture(s)","ocount":56,"path":"00/00/00/00/0000000062.html"}],"links":[{"source":62,"target":22928},{"source":62,"target":1063},{"source":62,"target":33967},{"source":62,"target":40968},{"source":62,"target":44784},{"source":62,"target":385},{"source":62,"target":2455},{"source":62,"target":23287},{"source":62,"target":34472},{"source":62,"target":15693},{"source":62,"target":26751},{"source":62,"target":2479},{"source":62,"target":10824},{"source":62,"target":42083},{"source":62,"target":8628},{"source":62,"target":4424},{"source":62,"target":30295},{"source":62,"target":33879},{"source":62,"target":33878},{"source":62,"target":33904},{"source":62,"target":37345},{"source":62,"target":22363},{"source":62,"target":23876},{"source":62,"target":2563},{"source":62,"target":44816},{"source":62,"target":27290},{"source":62,"target":27291},{"source":62,"target":2581},{"source":62,"target":10101},{"source":62,"target":10102},{"source":62,"target":10103},{"source":62,"target":10104},{"source":62,"target":10105},{"source":62,"target":10106},{"source":62,"target":10107},{"source":62,"target":23881},{"source":62,"target":8726},{"source":62,"target":44859},{"source":62,"target":10937},{"source":62,"target":10938},{"source":62,"target":10939},{"source":62,"target":7565},{"source":62,"target":8146},{"source":62,"target":31663},{"source":62,"target":23004},{"source":62,"target":33487},{"source":62,"target":31667},{"source":62,"target":33494},{"source":62,"target":33497},{"source":62,"target":33488},{"source":62,"target":33489},{"source":62,"target":10886},{"source":62,"target":33491},{"source":62,"target":33492},{"source":62,"target":31666},{"source":62,"target":63},{"source":62,"target":64},{"source":62,"target":33490},{"source":62,"target":12891},{"source":62,"target":31668},{"source":62,"target":33493},{"source":62,"target":31669},{"source":62,"target":33496},{"source":62,"target":65},{"source":62,"target":7805},{"source":62,"target":33495},{"source":62,"target":10997},{"source":62,"target":14905},{"source":62,"target":7580},{"source":62,"target":10149},{"source":62,"target":42123},{"source":62,"target":42117},{"source":62,"target":42118},{"source":62,"target":42119},{"source":62,"target":42120},{"source":62,"target":42121},{"source":62,"target":42122},{"source":62,"target":42124},{"source":62,"target":19094},{"source":62,"target":41940},{"source":62,"target":41941},{"source":62,"target":41942},{"source":62,"target":41943},{"source":62,"target":41945},{"source":62,"target":5655},{"source":62,"target":44878},{"source":62,"target":44879},{"source":62,"target":44880},{"source":62,"target":44881},{"source":62,"target":44882},{"source":62,"target":44883},{"source":62,"target":44884},{"source":62,"target":44885},{"source":62,"target":44886},{"source":62,"target":44887},{"source":62,"target":44888},{"source":62,"target":40265},{"source":62,"target":40268},{"source":62,"target":40266},{"source":62,"target":40267},{"source":62,"target":8760},{"source":62,"target":20709},{"source":62,"target":21418},{"source":62,"target":6991},{"source":62,"target":42145},{"source":62,"target":42077},{"source":62,"target":42148},{"source":62,"target":42149},{"source":62,"target":42150},{"source":62,"target":42151},{"source":62,"target":42152},{"source":62,"target":32732},{"source":62,"target":32733},{"source":62,"target":32734},{"source":62,"target":32735},{"source":62,"target":37465},{"source":62,"target":23894},{"source":62,"target":8857},{"source":62,"target":37559},{"source":62,"target":31256},{"source":62,"target":38404},{"source":62,"target":42181},{"source":62,"target":42187},{"source":62,"target":44947},{"source":62,"target":37567},{"source":62,"target":17832},{"source":62,"target":5705},{"source":62,"target":11206},{"source":62,"target":42207},{"source":62,"target":8896},{"source":62,"target":4599},{"source":62,"target":36395},{"source":62,"target":558},{"source":62,"target":8919},{"source":62,"target":4629},{"source":62,"target":11270},{"source":62,"target":42116},{"source":62,"target":5747},{"source":62,"target":7081},{"source":62,"target":11283},{"source":62,"target":45009},{"source":62,"target":45016},{"source":62,"target":7748},{"source":62,"target":26923},{"source":62,"target":287},{"source":62,"target":8996},{"source":62,"target":39025},{"source":62,"target":11357},{"source":62,"target":15098},{"source":62,"target":9032},{"source":62,"target":2290},{"source":62,"target":11392},{"source":62,"target":26987},{"source":62,"target":39076},{"source":62,"target":7149},{"source":62,"target":20399},{"source":62,"target":38497},{"source":62,"target":24941},{"source":62,"target":712},{"source":62,"target":729},{"source":62,"target":18640},{"source":62,"target":7581},{"source":62,"target":45100},{"source":62,"target":45101},{"source":62,"target":45102},{"source":62,"target":23980},{"source":62,"target":129},{"source":62,"target":45759},{"source":62,"target":2883},{"source":62,"target":45115},{"source":62,"target":5853},{"source":62,"target":2336},{"source":62,"target":18031},{"source":62,"target":45812},{"source":62,"target":14735},{"source":62,"target":805},{"source":62,"target":808},{"source":62,"target":34265},{"source":62,"target":46084},{"source":62,"target":5879},{"source":62,"target":10553},{"source":62,"target":10996},{"source":62,"target":11663},{"source":62,"target":11664},{"source":62,"target":11665},{"source":62,"target":11666},{"source":62,"target":37884},{"source":62,"target":13467},{"source":62,"target":23998},{"source":62,"target":23999},{"source":62,"target":45186},{"source":62,"target":11680},{"source":62,"target":11681},{"source":62,"target":7236},{"source":62,"target":41718},{"source":62,"target":43417},{"source":62,"target":13570},{"source":62,"target":2387},{"source":62,"target":27066},{"source":62,"target":27083},{"source":62,"target":15218},{"source":62,"target":27593},{"source":62,"target":4103},{"source":62,"target":11769},{"source":62,"target":33325},{"source":62,"target":27663},{"source":62,"target":24029},{"source":62,"target":9339},{"source":62,"target":7384},{"source":62,"target":7386},{"source":62,"target":7385},{"source":62,"target":7387},{"source":62,"target":10696},{"source":62,"target":7388},{"source":62,"target":1549},{"source":62,"target":4221},{"source":62,"target":9435},{"source":62,"target":2444},{"source":62,"target":3111},{"source":62,"target":39804},{"source":62,"target":23823},{"source":62,"target":42417}]}</script>
  <script src="https://d3js.org/d3.v4.min.js"></script>
  <script src="../../../../../shared/js/topic-page.js"></script>
</body>

</html>
